2025-03-11 17:30:00,849 - basicLogger - INFO - Periodic processing has started
2025-03-11 17:30:00,849 - basicLogger - INFO - Stats file does not exist. Using default values.
2025-03-11 17:30:05,849 - basicLogger - INFO - Periodic processing has started
2025-03-11 17:30:05,849 - basicLogger - INFO - Stats file does not exist. Using default values.
2025-03-11 17:30:10,849 - basicLogger - INFO - Periodic processing has started
2025-03-11 17:30:10,849 - basicLogger - INFO - Stats file does not exist. Using default values.
2025-03-11 17:30:15,849 - basicLogger - INFO - Periodic processing has started
2025-03-11 17:30:15,849 - basicLogger - INFO - Stats file does not exist. Using default values.
2025-03-11 17:30:20,849 - basicLogger - INFO - Periodic processing has started
2025-03-11 17:30:20,849 - basicLogger - INFO - Stats file does not exist. Using default values.
2025-03-11 17:30:25,849 - basicLogger - INFO - Periodic processing has started
2025-03-11 17:30:25,849 - basicLogger - INFO - Stats file does not exist. Using default values.
2025-03-11 17:30:30,849 - basicLogger - INFO - Periodic processing has started
2025-03-11 17:30:30,849 - basicLogger - INFO - Stats file does not exist. Using default values.
2025-03-11 17:30:35,849 - basicLogger - INFO - Periodic processing has started
2025-03-11 17:30:35,849 - basicLogger - INFO - Stats file does not exist. Using default values.
2025-03-11 17:30:40,849 - basicLogger - INFO - Periodic processing has started
2025-03-11 17:30:40,849 - basicLogger - INFO - Stats file does not exist. Using default values.
2025-03-11 17:30:45,849 - basicLogger - INFO - Periodic processing has started
2025-03-11 17:30:45,849 - basicLogger - INFO - Stats file does not exist. Using default values.
2025-03-11 17:30:50,849 - basicLogger - INFO - Periodic processing has started
2025-03-11 17:30:50,849 - basicLogger - INFO - Stats file does not exist. Using default values.
2025-03-11 17:30:55,849 - basicLogger - INFO - Periodic processing has started
2025-03-11 17:30:55,849 - basicLogger - INFO - Stats file does not exist. Using default values.
2025-03-11 17:31:00,849 - basicLogger - INFO - Periodic processing has started
2025-03-11 17:31:00,849 - basicLogger - INFO - Stats file does not exist. Using default values.
2025-03-11 17:31:05,849 - basicLogger - INFO - Periodic processing has started
2025-03-11 17:31:05,849 - basicLogger - INFO - Stats file does not exist. Using default values.
2025-03-11 17:31:10,849 - basicLogger - INFO - Periodic processing has started
2025-03-11 17:31:10,849 - basicLogger - INFO - Stats file does not exist. Using default values.
2025-03-11 17:31:15,849 - basicLogger - INFO - Periodic processing has started
2025-03-11 17:31:15,849 - basicLogger - INFO - Stats file does not exist. Using default values.
2025-03-11 17:31:20,849 - basicLogger - INFO - Periodic processing has started
2025-03-11 17:31:20,849 - basicLogger - INFO - Stats file does not exist. Using default values.
2025-03-11 17:31:25,849 - basicLogger - INFO - Periodic processing has started
2025-03-11 17:31:25,849 - basicLogger - INFO - Stats file does not exist. Using default values.
2025-03-11 17:31:30,849 - basicLogger - INFO - Periodic processing has started
2025-03-11 17:31:30,849 - basicLogger - INFO - Stats file does not exist. Using default values.
2025-03-11 17:31:35,849 - basicLogger - INFO - Periodic processing has started
2025-03-11 17:31:35,849 - basicLogger - INFO - Stats file does not exist. Using default values.
2025-03-11 17:31:40,849 - basicLogger - INFO - Periodic processing has started
2025-03-11 17:31:40,849 - basicLogger - INFO - Stats file does not exist. Using default values.
2025-03-11 17:31:45,849 - basicLogger - INFO - Periodic processing has started
2025-03-11 17:31:45,849 - basicLogger - INFO - Stats file does not exist. Using default values.
2025-03-11 17:31:50,849 - basicLogger - INFO - Periodic processing has started
2025-03-11 17:31:50,849 - basicLogger - INFO - Stats file does not exist. Using default values.
2025-03-11 17:31:55,849 - basicLogger - INFO - Periodic processing has started
2025-03-11 17:31:55,849 - basicLogger - INFO - Stats file does not exist. Using default values.
2025-03-11 17:32:00,849 - basicLogger - INFO - Periodic processing has started
2025-03-11 17:32:00,849 - basicLogger - INFO - Stats file does not exist. Using default values.
2025-03-11 17:32:05,849 - basicLogger - INFO - Periodic processing has started
2025-03-11 17:32:05,849 - basicLogger - INFO - Stats file does not exist. Using default values.
2025-03-11 17:32:10,849 - basicLogger - INFO - Periodic processing has started
2025-03-11 17:32:10,849 - basicLogger - INFO - Stats file does not exist. Using default values.
2025-03-11 17:32:15,849 - basicLogger - INFO - Periodic processing has started
2025-03-11 17:32:15,849 - basicLogger - INFO - Stats file does not exist. Using default values.
2025-03-11 17:32:20,849 - basicLogger - INFO - Periodic processing has started
2025-03-11 17:32:20,849 - basicLogger - INFO - Stats file does not exist. Using default values.
2025-03-11 17:32:25,849 - basicLogger - INFO - Periodic processing has started
2025-03-11 17:32:25,849 - basicLogger - INFO - Stats file does not exist. Using default values.
2025-03-11 17:32:30,849 - basicLogger - INFO - Periodic processing has started
2025-03-11 17:32:30,849 - basicLogger - INFO - Stats file does not exist. Using default values.
2025-03-11 17:32:35,849 - basicLogger - INFO - Periodic processing has started
2025-03-11 17:32:35,849 - basicLogger - INFO - Stats file does not exist. Using default values.
2025-03-11 17:32:40,849 - basicLogger - INFO - Periodic processing has started
2025-03-11 17:32:40,849 - basicLogger - INFO - Stats file does not exist. Using default values.
2025-03-11 17:32:45,849 - basicLogger - INFO - Periodic processing has started
2025-03-11 17:32:45,849 - basicLogger - INFO - Stats file does not exist. Using default values.
2025-03-11 17:33:35,024 - basicLogger - INFO - Periodic processing has started
2025-03-11 17:33:35,025 - basicLogger - INFO - Stats file does not exist. Using default values.
2025-03-11 17:33:40,024 - basicLogger - INFO - Periodic processing has started
2025-03-11 17:33:40,024 - basicLogger - INFO - Stats file does not exist. Using default values.
2025-03-11 17:33:45,025 - basicLogger - INFO - Periodic processing has started
2025-03-11 17:33:45,025 - basicLogger - INFO - Stats file does not exist. Using default values.
2025-03-11 17:33:50,024 - basicLogger - INFO - Periodic processing has started
2025-03-11 17:33:50,024 - basicLogger - INFO - Stats file does not exist. Using default values.
2025-03-11 17:33:50,081 - basicLogger - INFO - Number of ship events: 0, Number of container events: 0
2025-03-11 17:33:50,081 - basicLogger - DEBUG - New stat values: {'num_ships_arrived': 0, 'num_containers_proccessed': 0, 'max_containers_onboard': 0, 'heaviest_container': 0, 'lightest_container': 10000000, 'last_updated': '2025-03-11T17:33:50Z'}
2025-03-11 17:33:50,081 - basicLogger - INFO - Period processing has ended
2025-03-11 17:33:55,024 - basicLogger - INFO - Periodic processing has started
2025-03-11 17:33:55,057 - basicLogger - INFO - Number of ship events: 0, Number of container events: 0
2025-03-11 17:33:55,057 - basicLogger - DEBUG - New stat values: {'num_ships_arrived': 0, 'num_containers_proccessed': 0, 'max_containers_onboard': 0, 'heaviest_container': 0, 'lightest_container': 10000000, 'last_updated': '2025-03-11T17:33:55Z'}
2025-03-11 17:33:55,058 - basicLogger - INFO - Period processing has ended
2025-03-11 17:34:00,025 - basicLogger - INFO - Periodic processing has started
2025-03-11 17:34:00,064 - basicLogger - INFO - Number of ship events: 0, Number of container events: 0
2025-03-11 17:34:00,064 - basicLogger - DEBUG - New stat values: {'num_ships_arrived': 0, 'num_containers_proccessed': 0, 'max_containers_onboard': 0, 'heaviest_container': 0, 'lightest_container': 10000000, 'last_updated': '2025-03-11T17:34:00Z'}
2025-03-11 17:34:00,064 - basicLogger - INFO - Period processing has ended
2025-03-11 17:34:05,024 - basicLogger - INFO - Periodic processing has started
2025-03-11 17:34:05,062 - basicLogger - INFO - Number of ship events: 0, Number of container events: 0
2025-03-11 17:34:05,062 - basicLogger - DEBUG - New stat values: {'num_ships_arrived': 0, 'num_containers_proccessed': 0, 'max_containers_onboard': 0, 'heaviest_container': 0, 'lightest_container': 10000000, 'last_updated': '2025-03-11T17:34:05Z'}
2025-03-11 17:34:05,062 - basicLogger - INFO - Period processing has ended
2025-03-11 17:34:10,024 - basicLogger - INFO - Periodic processing has started
2025-03-11 17:34:10,058 - basicLogger - INFO - Number of ship events: 0, Number of container events: 0
2025-03-11 17:34:10,058 - basicLogger - DEBUG - New stat values: {'num_ships_arrived': 0, 'num_containers_proccessed': 0, 'max_containers_onboard': 0, 'heaviest_container': 0, 'lightest_container': 10000000, 'last_updated': '2025-03-11T17:34:10Z'}
2025-03-11 17:34:10,058 - basicLogger - INFO - Period processing has ended
2025-03-11 17:34:15,025 - basicLogger - INFO - Periodic processing has started
2025-03-11 17:34:15,056 - basicLogger - INFO - Number of ship events: 0, Number of container events: 0
2025-03-11 17:34:15,056 - basicLogger - DEBUG - New stat values: {'num_ships_arrived': 0, 'num_containers_proccessed': 0, 'max_containers_onboard': 0, 'heaviest_container': 0, 'lightest_container': 10000000, 'last_updated': '2025-03-11T17:34:15Z'}
2025-03-11 17:34:15,056 - basicLogger - INFO - Period processing has ended
2025-03-11 17:34:20,025 - basicLogger - INFO - Periodic processing has started
2025-03-11 17:34:20,056 - basicLogger - INFO - Number of ship events: 0, Number of container events: 0
2025-03-11 17:34:20,056 - basicLogger - DEBUG - New stat values: {'num_ships_arrived': 0, 'num_containers_proccessed': 0, 'max_containers_onboard': 0, 'heaviest_container': 0, 'lightest_container': 10000000, 'last_updated': '2025-03-11T17:34:20Z'}
2025-03-11 17:34:20,057 - basicLogger - INFO - Period processing has ended
2025-03-11 17:34:25,024 - basicLogger - INFO - Periodic processing has started
2025-03-11 17:34:25,060 - basicLogger - INFO - Number of ship events: 0, Number of container events: 0
2025-03-11 17:34:25,060 - basicLogger - DEBUG - New stat values: {'num_ships_arrived': 0, 'num_containers_proccessed': 0, 'max_containers_onboard': 0, 'heaviest_container': 0, 'lightest_container': 10000000, 'last_updated': '2025-03-11T17:34:25Z'}
2025-03-11 17:34:25,060 - basicLogger - INFO - Period processing has ended
2025-03-11 17:34:30,025 - basicLogger - INFO - Periodic processing has started
2025-03-11 17:34:30,059 - basicLogger - INFO - Number of ship events: 0, Number of container events: 0
2025-03-11 17:34:30,059 - basicLogger - DEBUG - New stat values: {'num_ships_arrived': 0, 'num_containers_proccessed': 0, 'max_containers_onboard': 0, 'heaviest_container': 0, 'lightest_container': 10000000, 'last_updated': '2025-03-11T17:34:30Z'}
2025-03-11 17:34:30,059 - basicLogger - INFO - Period processing has ended
2025-03-11 17:34:35,025 - basicLogger - INFO - Periodic processing has started
2025-03-11 17:34:35,061 - basicLogger - INFO - Number of ship events: 0, Number of container events: 0
2025-03-11 17:34:35,061 - basicLogger - DEBUG - New stat values: {'num_ships_arrived': 0, 'num_containers_proccessed': 0, 'max_containers_onboard': 0, 'heaviest_container': 0, 'lightest_container': 10000000, 'last_updated': '2025-03-11T17:34:35Z'}
2025-03-11 17:34:35,061 - basicLogger - INFO - Period processing has ended
2025-03-11 17:34:40,025 - basicLogger - INFO - Periodic processing has started
2025-03-11 17:34:40,058 - basicLogger - INFO - Number of ship events: 0, Number of container events: 0
2025-03-11 17:34:40,058 - basicLogger - DEBUG - New stat values: {'num_ships_arrived': 0, 'num_containers_proccessed': 0, 'max_containers_onboard': 0, 'heaviest_container': 0, 'lightest_container': 10000000, 'last_updated': '2025-03-11T17:34:40Z'}
2025-03-11 17:34:40,058 - basicLogger - INFO - Period processing has ended
2025-03-11 17:42:47,460 - basicLogger - INFO - Periodic processing has started
2025-03-11 17:42:47,460 - basicLogger - INFO - Stats file does not exist. Using default values.
2025-03-11 17:42:52,460 - basicLogger - INFO - Periodic processing has started
2025-03-11 17:42:52,460 - basicLogger - INFO - Stats file does not exist. Using default values.
2025-03-11 17:42:57,460 - basicLogger - INFO - Periodic processing has started
2025-03-11 17:42:57,460 - basicLogger - INFO - Stats file does not exist. Using default values.
2025-03-11 17:43:07,460 - basicLogger - INFO - Periodic processing has started
2025-03-11 17:43:07,460 - basicLogger - INFO - Stats file does not exist. Using default values.
2025-03-11 17:43:07,519 - basicLogger - INFO - Number of ship events: 0, Number of container events: 0
2025-03-11 17:43:07,519 - basicLogger - DEBUG - New stat values: {'num_ships_arrived': 0, 'num_containers_proccessed': 0, 'max_containers_onboard': 0, 'heaviest_container': 0, 'lightest_container': 10000000, 'last_updated': '2025-03-11T17:43:07Z'}
2025-03-11 17:43:07,519 - basicLogger - INFO - Period processing has ended
2025-03-11 17:43:12,460 - basicLogger - INFO - Periodic processing has started
2025-03-11 17:43:12,494 - basicLogger - INFO - Number of ship events: 0, Number of container events: 0
2025-03-11 17:43:12,494 - basicLogger - DEBUG - New stat values: {'num_ships_arrived': 0, 'num_containers_proccessed': 0, 'max_containers_onboard': 0, 'heaviest_container': 0, 'lightest_container': 10000000, 'last_updated': '2025-03-11T17:43:12Z'}
2025-03-11 17:43:12,494 - basicLogger - INFO - Period processing has ended
2025-03-11 17:43:17,460 - basicLogger - INFO - Periodic processing has started
2025-03-11 17:43:17,493 - basicLogger - INFO - Number of ship events: 0, Number of container events: 0
2025-03-11 17:43:17,493 - basicLogger - DEBUG - New stat values: {'num_ships_arrived': 0, 'num_containers_proccessed': 0, 'max_containers_onboard': 0, 'heaviest_container': 0, 'lightest_container': 10000000, 'last_updated': '2025-03-11T17:43:17Z'}
2025-03-11 17:43:17,493 - basicLogger - INFO - Period processing has ended
2025-03-11 17:43:22,460 - basicLogger - INFO - Periodic processing has started
2025-03-11 17:43:22,497 - basicLogger - INFO - Number of ship events: 0, Number of container events: 0
2025-03-11 17:43:22,497 - basicLogger - DEBUG - New stat values: {'num_ships_arrived': 0, 'num_containers_proccessed': 0, 'max_containers_onboard': 0, 'heaviest_container': 0, 'lightest_container': 10000000, 'last_updated': '2025-03-11T17:43:22Z'}
2025-03-11 17:43:22,497 - basicLogger - INFO - Period processing has ended
2025-03-11 17:43:27,460 - basicLogger - INFO - Periodic processing has started
2025-03-11 17:43:27,493 - basicLogger - INFO - Number of ship events: 0, Number of container events: 0
2025-03-11 17:43:27,493 - basicLogger - DEBUG - New stat values: {'num_ships_arrived': 0, 'num_containers_proccessed': 0, 'max_containers_onboard': 0, 'heaviest_container': 0, 'lightest_container': 10000000, 'last_updated': '2025-03-11T17:43:27Z'}
2025-03-11 17:43:27,493 - basicLogger - INFO - Period processing has ended
2025-03-11 17:43:32,460 - basicLogger - INFO - Periodic processing has started
2025-03-11 17:43:32,492 - basicLogger - INFO - Number of ship events: 0, Number of container events: 0
2025-03-11 17:43:32,492 - basicLogger - DEBUG - New stat values: {'num_ships_arrived': 0, 'num_containers_proccessed': 0, 'max_containers_onboard': 0, 'heaviest_container': 0, 'lightest_container': 10000000, 'last_updated': '2025-03-11T17:43:32Z'}
2025-03-11 17:43:32,492 - basicLogger - INFO - Period processing has ended
2025-03-11 17:43:37,460 - basicLogger - INFO - Periodic processing has started
2025-03-11 17:43:37,494 - basicLogger - INFO - Number of ship events: 0, Number of container events: 0
2025-03-11 17:43:37,495 - basicLogger - DEBUG - New stat values: {'num_ships_arrived': 0, 'num_containers_proccessed': 0, 'max_containers_onboard': 0, 'heaviest_container': 0, 'lightest_container': 10000000, 'last_updated': '2025-03-11T17:43:37Z'}
2025-03-11 17:43:37,495 - basicLogger - INFO - Period processing has ended
2025-03-11 17:43:42,460 - basicLogger - INFO - Periodic processing has started
2025-03-11 17:43:42,498 - basicLogger - INFO - Number of ship events: 0, Number of container events: 0
2025-03-11 17:43:42,498 - basicLogger - DEBUG - New stat values: {'num_ships_arrived': 0, 'num_containers_proccessed': 0, 'max_containers_onboard': 0, 'heaviest_container': 0, 'lightest_container': 10000000, 'last_updated': '2025-03-11T17:43:42Z'}
2025-03-11 17:43:42,498 - basicLogger - INFO - Period processing has ended
2025-03-11 17:43:47,460 - basicLogger - INFO - Periodic processing has started
2025-03-11 17:43:47,494 - basicLogger - INFO - Number of ship events: 0, Number of container events: 0
2025-03-11 17:43:47,494 - basicLogger - DEBUG - New stat values: {'num_ships_arrived': 0, 'num_containers_proccessed': 0, 'max_containers_onboard': 0, 'heaviest_container': 0, 'lightest_container': 10000000, 'last_updated': '2025-03-11T17:43:47Z'}
2025-03-11 17:43:47,494 - basicLogger - INFO - Period processing has ended
2025-03-11 17:43:52,460 - basicLogger - INFO - Periodic processing has started
2025-03-11 17:43:52,494 - basicLogger - INFO - Number of ship events: 0, Number of container events: 0
2025-03-11 17:43:52,494 - basicLogger - DEBUG - New stat values: {'num_ships_arrived': 0, 'num_containers_proccessed': 0, 'max_containers_onboard': 0, 'heaviest_container': 0, 'lightest_container': 10000000, 'last_updated': '2025-03-11T17:43:52Z'}
2025-03-11 17:43:52,494 - basicLogger - INFO - Period processing has ended
2025-03-11 17:43:57,460 - basicLogger - INFO - Periodic processing has started
2025-03-11 17:43:57,496 - basicLogger - INFO - Number of ship events: 0, Number of container events: 0
2025-03-11 17:43:57,496 - basicLogger - DEBUG - New stat values: {'num_ships_arrived': 0, 'num_containers_proccessed': 0, 'max_containers_onboard': 0, 'heaviest_container': 0, 'lightest_container': 10000000, 'last_updated': '2025-03-11T17:43:57Z'}
2025-03-11 17:43:57,496 - basicLogger - INFO - Period processing has ended
2025-03-11 17:44:02,460 - basicLogger - INFO - Periodic processing has started
2025-03-11 17:44:02,493 - basicLogger - INFO - Number of ship events: 0, Number of container events: 0
2025-03-11 17:44:02,493 - basicLogger - DEBUG - New stat values: {'num_ships_arrived': 0, 'num_containers_proccessed': 0, 'max_containers_onboard': 0, 'heaviest_container': 0, 'lightest_container': 10000000, 'last_updated': '2025-03-11T17:44:02Z'}
2025-03-11 17:44:02,493 - basicLogger - INFO - Period processing has ended
2025-03-11 17:44:07,460 - basicLogger - INFO - Periodic processing has started
2025-03-11 17:44:07,492 - basicLogger - INFO - Number of ship events: 0, Number of container events: 0
2025-03-11 17:44:07,493 - basicLogger - DEBUG - New stat values: {'num_ships_arrived': 0, 'num_containers_proccessed': 0, 'max_containers_onboard': 0, 'heaviest_container': 0, 'lightest_container': 10000000, 'last_updated': '2025-03-11T17:44:07Z'}
2025-03-11 17:44:07,493 - basicLogger - INFO - Period processing has ended
2025-03-11 17:44:12,460 - basicLogger - INFO - Periodic processing has started
2025-03-11 17:44:12,495 - basicLogger - INFO - Number of ship events: 0, Number of container events: 0
2025-03-11 17:44:12,495 - basicLogger - DEBUG - New stat values: {'num_ships_arrived': 0, 'num_containers_proccessed': 0, 'max_containers_onboard': 0, 'heaviest_container': 0, 'lightest_container': 10000000, 'last_updated': '2025-03-11T17:44:12Z'}
2025-03-11 17:44:12,495 - basicLogger - INFO - Period processing has ended
2025-03-11 17:44:17,460 - basicLogger - INFO - Periodic processing has started
2025-03-11 17:44:17,492 - basicLogger - INFO - Number of ship events: 0, Number of container events: 0
2025-03-11 17:44:17,492 - basicLogger - DEBUG - New stat values: {'num_ships_arrived': 0, 'num_containers_proccessed': 0, 'max_containers_onboard': 0, 'heaviest_container': 0, 'lightest_container': 10000000, 'last_updated': '2025-03-11T17:44:17Z'}
2025-03-11 17:44:17,492 - basicLogger - INFO - Period processing has ended
2025-03-11 17:44:22,460 - basicLogger - INFO - Periodic processing has started
2025-03-11 17:44:22,493 - basicLogger - INFO - Number of ship events: 0, Number of container events: 0
2025-03-11 17:44:22,493 - basicLogger - DEBUG - New stat values: {'num_ships_arrived': 0, 'num_containers_proccessed': 0, 'max_containers_onboard': 0, 'heaviest_container': 0, 'lightest_container': 10000000, 'last_updated': '2025-03-11T17:44:22Z'}
2025-03-11 17:44:22,493 - basicLogger - INFO - Period processing has ended
2025-03-11 17:44:27,460 - basicLogger - INFO - Periodic processing has started
2025-03-11 17:44:27,507 - basicLogger - INFO - Number of ship events: 0, Number of container events: 0
2025-03-11 17:44:27,507 - basicLogger - DEBUG - New stat values: {'num_ships_arrived': 0, 'num_containers_proccessed': 0, 'max_containers_onboard': 0, 'heaviest_container': 0, 'lightest_container': 10000000, 'last_updated': '2025-03-11T17:44:27Z'}
2025-03-11 17:44:27,507 - basicLogger - INFO - Period processing has ended
2025-03-11 17:44:32,460 - basicLogger - INFO - Periodic processing has started
2025-03-11 17:44:32,492 - basicLogger - INFO - Number of ship events: 0, Number of container events: 0
2025-03-11 17:44:32,492 - basicLogger - DEBUG - New stat values: {'num_ships_arrived': 0, 'num_containers_proccessed': 0, 'max_containers_onboard': 0, 'heaviest_container': 0, 'lightest_container': 10000000, 'last_updated': '2025-03-11T17:44:32Z'}
2025-03-11 17:44:32,492 - basicLogger - INFO - Period processing has ended
2025-03-11 17:44:37,460 - basicLogger - INFO - Periodic processing has started
2025-03-11 17:44:37,493 - basicLogger - INFO - Number of ship events: 0, Number of container events: 0
2025-03-11 17:44:37,493 - basicLogger - DEBUG - New stat values: {'num_ships_arrived': 0, 'num_containers_proccessed': 0, 'max_containers_onboard': 0, 'heaviest_container': 0, 'lightest_container': 10000000, 'last_updated': '2025-03-11T17:44:37Z'}
2025-03-11 17:44:37,493 - basicLogger - INFO - Period processing has ended
2025-03-11 17:44:42,460 - basicLogger - INFO - Periodic processing has started
2025-03-11 17:44:42,495 - basicLogger - INFO - Number of ship events: 0, Number of container events: 0
2025-03-11 17:44:42,495 - basicLogger - DEBUG - New stat values: {'num_ships_arrived': 0, 'num_containers_proccessed': 0, 'max_containers_onboard': 0, 'heaviest_container': 0, 'lightest_container': 10000000, 'last_updated': '2025-03-11T17:44:42Z'}
2025-03-11 17:44:42,495 - basicLogger - INFO - Period processing has ended
2025-03-11 17:44:47,460 - basicLogger - INFO - Periodic processing has started
2025-03-11 17:44:47,501 - basicLogger - INFO - Number of ship events: 0, Number of container events: 0
2025-03-11 17:44:47,501 - basicLogger - DEBUG - New stat values: {'num_ships_arrived': 0, 'num_containers_proccessed': 0, 'max_containers_onboard': 0, 'heaviest_container': 0, 'lightest_container': 10000000, 'last_updated': '2025-03-11T17:44:47Z'}
2025-03-11 17:44:47,501 - basicLogger - INFO - Period processing has ended
2025-03-11 17:44:52,460 - basicLogger - INFO - Periodic processing has started
2025-03-11 17:44:52,493 - basicLogger - INFO - Number of ship events: 0, Number of container events: 0
2025-03-11 17:44:52,493 - basicLogger - DEBUG - New stat values: {'num_ships_arrived': 0, 'num_containers_proccessed': 0, 'max_containers_onboard': 0, 'heaviest_container': 0, 'lightest_container': 10000000, 'last_updated': '2025-03-11T17:44:52Z'}
2025-03-11 17:44:52,493 - basicLogger - INFO - Period processing has ended
2025-03-11 17:44:57,460 - basicLogger - INFO - Periodic processing has started
2025-03-11 17:44:57,493 - basicLogger - INFO - Number of ship events: 0, Number of container events: 0
2025-03-11 17:44:57,493 - basicLogger - DEBUG - New stat values: {'num_ships_arrived': 0, 'num_containers_proccessed': 0, 'max_containers_onboard': 0, 'heaviest_container': 0, 'lightest_container': 10000000, 'last_updated': '2025-03-11T17:44:57Z'}
2025-03-11 17:44:57,493 - basicLogger - INFO - Period processing has ended
2025-03-11 17:45:02,460 - basicLogger - INFO - Periodic processing has started
2025-03-11 17:45:02,492 - basicLogger - INFO - Number of ship events: 0, Number of container events: 0
2025-03-11 17:45:02,493 - basicLogger - DEBUG - New stat values: {'num_ships_arrived': 0, 'num_containers_proccessed': 0, 'max_containers_onboard': 0, 'heaviest_container': 0, 'lightest_container': 10000000, 'last_updated': '2025-03-11T17:45:02Z'}
2025-03-11 17:45:02,493 - basicLogger - INFO - Period processing has ended
2025-03-11 17:45:07,460 - basicLogger - INFO - Periodic processing has started
2025-03-11 17:45:07,492 - basicLogger - INFO - Number of ship events: 0, Number of container events: 0
2025-03-11 17:45:07,492 - basicLogger - DEBUG - New stat values: {'num_ships_arrived': 0, 'num_containers_proccessed': 0, 'max_containers_onboard': 0, 'heaviest_container': 0, 'lightest_container': 10000000, 'last_updated': '2025-03-11T17:45:07Z'}
2025-03-11 17:45:07,492 - basicLogger - INFO - Period processing has ended
