2025-03-11 17:33:50,062 - basicLogger - INFO - Found 0 ship arrival events (start: 1970-02-10 12:34:56, end: 2025-03-11 17:33:50)
2025-03-11 17:33:50,080 - basicLogger - INFO - Found 0 ship container events (start: 1970-02-10 12:34:56, end: 2025-03-11 17:33:50)
2025-03-11 17:33:55,041 - basicLogger - INFO - Found 0 ship arrival events (start: 2025-03-11 17:33:50, end: 2025-03-11 17:33:55)
2025-03-11 17:33:55,056 - basicLogger - INFO - Found 0 ship container events (start: 2025-03-11 17:33:50, end: 2025-03-11 17:33:55)
2025-03-11 17:34:00,044 - basicLogger - INFO - Found 0 ship arrival events (start: 2025-03-11 17:33:55, end: 2025-03-11 17:34:00)
2025-03-11 17:34:00,063 - basicLogger - INFO - Found 0 ship container events (start: 2025-03-11 17:33:55, end: 2025-03-11 17:34:00)
2025-03-11 17:34:05,040 - basicLogger - INFO - Found 0 ship arrival events (start: 2025-03-11 17:34:00, end: 2025-03-11 17:34:05)
2025-03-11 17:34:05,061 - basicLogger - INFO - Found 0 ship container events (start: 2025-03-11 17:34:00, end: 2025-03-11 17:34:05)
2025-03-11 17:34:10,040 - basicLogger - INFO - Found 0 ship arrival events (start: 2025-03-11 17:34:05, end: 2025-03-11 17:34:10)
2025-03-11 17:34:10,057 - basicLogger - INFO - Found 0 ship container events (start: 2025-03-11 17:34:05, end: 2025-03-11 17:34:10)
2025-03-11 17:34:15,040 - basicLogger - INFO - Found 0 ship arrival events (start: 2025-03-11 17:34:10, end: 2025-03-11 17:34:15)
2025-03-11 17:34:15,055 - basicLogger - INFO - Found 0 ship container events (start: 2025-03-11 17:34:10, end: 2025-03-11 17:34:15)
2025-03-11 17:34:20,040 - basicLogger - INFO - Found 0 ship arrival events (start: 2025-03-11 17:34:15, end: 2025-03-11 17:34:20)
2025-03-11 17:34:20,055 - basicLogger - INFO - Found 0 ship container events (start: 2025-03-11 17:34:15, end: 2025-03-11 17:34:20)
2025-03-11 17:34:25,040 - basicLogger - INFO - Found 0 ship arrival events (start: 2025-03-11 17:34:20, end: 2025-03-11 17:34:25)
2025-03-11 17:34:25,059 - basicLogger - INFO - Found 0 ship container events (start: 2025-03-11 17:34:20, end: 2025-03-11 17:34:25)
2025-03-11 17:34:30,041 - basicLogger - INFO - Found 0 ship arrival events (start: 2025-03-11 17:34:25, end: 2025-03-11 17:34:30)
2025-03-11 17:34:30,057 - basicLogger - INFO - Found 0 ship container events (start: 2025-03-11 17:34:25, end: 2025-03-11 17:34:30)
2025-03-11 17:34:35,041 - basicLogger - INFO - Found 0 ship arrival events (start: 2025-03-11 17:34:30, end: 2025-03-11 17:34:35)
2025-03-11 17:34:35,059 - basicLogger - INFO - Found 0 ship container events (start: 2025-03-11 17:34:30, end: 2025-03-11 17:34:35)
2025-03-11 17:34:40,040 - basicLogger - INFO - Found 0 ship arrival events (start: 2025-03-11 17:34:35, end: 2025-03-11 17:34:40)
2025-03-11 17:34:40,057 - basicLogger - INFO - Found 0 ship container events (start: 2025-03-11 17:34:35, end: 2025-03-11 17:34:40)
2025-03-11 17:43:07,499 - basicLogger - INFO - Found 0 ship arrival events (start: 1970-02-10 12:34:56, end: 2025-03-11 17:43:07)
2025-03-11 17:43:07,518 - basicLogger - INFO - Found 0 ship container events (start: 1970-02-10 12:34:56, end: 2025-03-11 17:43:07)
2025-03-11 17:43:12,476 - basicLogger - INFO - Found 0 ship arrival events (start: 2025-03-11 17:43:07, end: 2025-03-11 17:43:12)
2025-03-11 17:43:12,493 - basicLogger - INFO - Found 0 ship container events (start: 2025-03-11 17:43:07, end: 2025-03-11 17:43:12)
2025-03-11 17:43:17,476 - basicLogger - INFO - Found 0 ship arrival events (start: 2025-03-11 17:43:12, end: 2025-03-11 17:43:17)
2025-03-11 17:43:17,492 - basicLogger - INFO - Found 0 ship container events (start: 2025-03-11 17:43:12, end: 2025-03-11 17:43:17)
2025-03-11 17:43:22,476 - basicLogger - INFO - Found 0 ship arrival events (start: 2025-03-11 17:43:17, end: 2025-03-11 17:43:22)
2025-03-11 17:43:22,496 - basicLogger - INFO - Found 0 ship container events (start: 2025-03-11 17:43:17, end: 2025-03-11 17:43:22)
2025-03-11 17:43:27,476 - basicLogger - INFO - Found 0 ship arrival events (start: 2025-03-11 17:43:22, end: 2025-03-11 17:43:27)
2025-03-11 17:43:27,492 - basicLogger - INFO - Found 0 ship container events (start: 2025-03-11 17:43:22, end: 2025-03-11 17:43:27)
2025-03-11 17:43:32,475 - basicLogger - INFO - Found 0 ship arrival events (start: 2025-03-11 17:43:27, end: 2025-03-11 17:43:32)
2025-03-11 17:43:32,491 - basicLogger - INFO - Found 0 ship container events (start: 2025-03-11 17:43:27, end: 2025-03-11 17:43:32)
2025-03-11 17:43:37,477 - basicLogger - INFO - Found 0 ship arrival events (start: 2025-03-11 17:43:32, end: 2025-03-11 17:43:37)
2025-03-11 17:43:37,493 - basicLogger - INFO - Found 0 ship container events (start: 2025-03-11 17:43:32, end: 2025-03-11 17:43:37)
2025-03-11 17:43:42,479 - basicLogger - INFO - Found 0 ship arrival events (start: 2025-03-11 17:43:37, end: 2025-03-11 17:43:42)
2025-03-11 17:43:42,496 - basicLogger - INFO - Found 0 ship container events (start: 2025-03-11 17:43:37, end: 2025-03-11 17:43:42)
2025-03-11 17:43:47,477 - basicLogger - INFO - Found 0 ship arrival events (start: 2025-03-11 17:43:42, end: 2025-03-11 17:43:47)
2025-03-11 17:43:47,493 - basicLogger - INFO - Found 0 ship container events (start: 2025-03-11 17:43:42, end: 2025-03-11 17:43:47)
2025-03-11 17:43:52,476 - basicLogger - INFO - Found 0 ship arrival events (start: 2025-03-11 17:43:47, end: 2025-03-11 17:43:52)
2025-03-11 17:43:52,493 - basicLogger - INFO - Found 0 ship container events (start: 2025-03-11 17:43:47, end: 2025-03-11 17:43:52)
2025-03-11 17:43:57,477 - basicLogger - INFO - Found 0 ship arrival events (start: 2025-03-11 17:43:52, end: 2025-03-11 17:43:57)
2025-03-11 17:43:57,495 - basicLogger - INFO - Found 0 ship container events (start: 2025-03-11 17:43:52, end: 2025-03-11 17:43:57)
2025-03-11 17:44:02,476 - basicLogger - INFO - Found 0 ship arrival events (start: 2025-03-11 17:43:57, end: 2025-03-11 17:44:02)
2025-03-11 17:44:02,492 - basicLogger - INFO - Found 0 ship container events (start: 2025-03-11 17:43:57, end: 2025-03-11 17:44:02)
2025-03-11 17:44:07,475 - basicLogger - INFO - Found 0 ship arrival events (start: 2025-03-11 17:44:02, end: 2025-03-11 17:44:07)
2025-03-11 17:44:07,491 - basicLogger - INFO - Found 0 ship container events (start: 2025-03-11 17:44:02, end: 2025-03-11 17:44:07)
2025-03-11 17:44:12,477 - basicLogger - INFO - Found 0 ship arrival events (start: 2025-03-11 17:44:07, end: 2025-03-11 17:44:12)
2025-03-11 17:44:12,494 - basicLogger - INFO - Found 0 ship container events (start: 2025-03-11 17:44:07, end: 2025-03-11 17:44:12)
2025-03-11 17:44:17,475 - basicLogger - INFO - Found 0 ship arrival events (start: 2025-03-11 17:44:12, end: 2025-03-11 17:44:17)
2025-03-11 17:44:17,491 - basicLogger - INFO - Found 0 ship container events (start: 2025-03-11 17:44:12, end: 2025-03-11 17:44:17)
2025-03-11 17:44:22,476 - basicLogger - INFO - Found 0 ship arrival events (start: 2025-03-11 17:44:17, end: 2025-03-11 17:44:22)
2025-03-11 17:44:22,492 - basicLogger - INFO - Found 0 ship container events (start: 2025-03-11 17:44:17, end: 2025-03-11 17:44:22)
2025-03-11 17:44:27,476 - basicLogger - INFO - Found 0 ship arrival events (start: 2025-03-11 17:44:22, end: 2025-03-11 17:44:27)
2025-03-11 17:44:27,506 - basicLogger - INFO - Found 0 ship container events (start: 2025-03-11 17:44:22, end: 2025-03-11 17:44:27)
2025-03-11 17:44:32,476 - basicLogger - INFO - Found 0 ship arrival events (start: 2025-03-11 17:44:27, end: 2025-03-11 17:44:32)
2025-03-11 17:44:32,491 - basicLogger - INFO - Found 0 ship container events (start: 2025-03-11 17:44:27, end: 2025-03-11 17:44:32)
2025-03-11 17:44:37,476 - basicLogger - INFO - Found 0 ship arrival events (start: 2025-03-11 17:44:32, end: 2025-03-11 17:44:37)
2025-03-11 17:44:37,491 - basicLogger - INFO - Found 0 ship container events (start: 2025-03-11 17:44:32, end: 2025-03-11 17:44:37)
2025-03-11 17:44:42,476 - basicLogger - INFO - Found 0 ship arrival events (start: 2025-03-11 17:44:37, end: 2025-03-11 17:44:42)
2025-03-11 17:44:42,493 - basicLogger - INFO - Found 0 ship container events (start: 2025-03-11 17:44:37, end: 2025-03-11 17:44:42)
2025-03-11 17:44:47,476 - basicLogger - INFO - Found 0 ship arrival events (start: 2025-03-11 17:44:42, end: 2025-03-11 17:44:47)
2025-03-11 17:44:47,500 - basicLogger - INFO - Found 0 ship container events (start: 2025-03-11 17:44:42, end: 2025-03-11 17:44:47)
2025-03-11 17:44:52,476 - basicLogger - INFO - Found 0 ship arrival events (start: 2025-03-11 17:44:47, end: 2025-03-11 17:44:52)
2025-03-11 17:44:52,492 - basicLogger - INFO - Found 0 ship container events (start: 2025-03-11 17:44:47, end: 2025-03-11 17:44:52)
2025-03-11 17:44:57,476 - basicLogger - INFO - Found 0 ship arrival events (start: 2025-03-11 17:44:52, end: 2025-03-11 17:44:57)
2025-03-11 17:44:57,492 - basicLogger - INFO - Found 0 ship container events (start: 2025-03-11 17:44:52, end: 2025-03-11 17:44:57)
2025-03-11 17:45:02,476 - basicLogger - INFO - Found 0 ship arrival events (start: 2025-03-11 17:44:57, end: 2025-03-11 17:45:02)
2025-03-11 17:45:02,492 - basicLogger - INFO - Found 0 ship container events (start: 2025-03-11 17:44:57, end: 2025-03-11 17:45:02)
2025-03-11 17:45:07,475 - basicLogger - INFO - Found 0 ship arrival events (start: 2025-03-11 17:45:02, end: 2025-03-11 17:45:07)
2025-03-11 17:45:07,491 - basicLogger - INFO - Found 0 ship container events (start: 2025-03-11 17:45:02, end: 2025-03-11 17:45:07)
2025-03-11 17:49:59,163 - basicLogger - INFO - Found 0 ship arrival events (start: 2025-03-11 17:45:07, end: 2025-03-11 17:49:59)
2025-03-11 17:49:59,181 - basicLogger - INFO - Found 0 ship container events (start: 2025-03-11 17:45:07, end: 2025-03-11 17:49:59)
2025-03-11 17:50:04,138 - basicLogger - INFO - Found 0 ship arrival events (start: 2025-03-11 17:49:59, end: 2025-03-11 17:50:04)
2025-03-11 17:50:04,154 - basicLogger - INFO - Found 0 ship container events (start: 2025-03-11 17:49:59, end: 2025-03-11 17:50:04)
2025-03-11 17:50:09,139 - basicLogger - INFO - Found 0 ship arrival events (start: 2025-03-11 17:50:04, end: 2025-03-11 17:50:09)
2025-03-11 17:50:09,156 - basicLogger - INFO - Found 0 ship container events (start: 2025-03-11 17:50:04, end: 2025-03-11 17:50:09)
2025-03-11 17:50:14,140 - basicLogger - INFO - Found 0 ship arrival events (start: 2025-03-11 17:50:09, end: 2025-03-11 17:50:14)
2025-03-11 17:50:14,160 - basicLogger - INFO - Found 0 ship container events (start: 2025-03-11 17:50:09, end: 2025-03-11 17:50:14)
2025-03-11 17:50:19,139 - basicLogger - INFO - Found 0 ship arrival events (start: 2025-03-11 17:50:14, end: 2025-03-11 17:50:19)
2025-03-11 17:50:19,154 - basicLogger - INFO - Found 0 ship container events (start: 2025-03-11 17:50:14, end: 2025-03-11 17:50:19)
2025-03-11 17:50:24,139 - basicLogger - INFO - Found 0 ship arrival events (start: 2025-03-11 17:50:19, end: 2025-03-11 17:50:24)
2025-03-11 17:50:24,154 - basicLogger - INFO - Found 0 ship container events (start: 2025-03-11 17:50:19, end: 2025-03-11 17:50:24)
2025-03-11 17:50:29,138 - basicLogger - INFO - Found 0 ship arrival events (start: 2025-03-11 17:50:24, end: 2025-03-11 17:50:29)
2025-03-11 17:50:29,161 - basicLogger - INFO - Found 0 ship container events (start: 2025-03-11 17:50:24, end: 2025-03-11 17:50:29)
2025-03-11 17:50:34,138 - basicLogger - INFO - Found 0 ship arrival events (start: 2025-03-11 17:50:29, end: 2025-03-11 17:50:34)
2025-03-11 17:50:34,158 - basicLogger - INFO - Found 0 ship container events (start: 2025-03-11 17:50:29, end: 2025-03-11 17:50:34)
2025-03-11 17:50:39,140 - basicLogger - INFO - Found 0 ship arrival events (start: 2025-03-11 17:50:34, end: 2025-03-11 17:50:39)
2025-03-11 17:50:39,157 - basicLogger - INFO - Found 0 ship container events (start: 2025-03-11 17:50:34, end: 2025-03-11 17:50:39)
2025-03-11 17:50:44,139 - basicLogger - INFO - Found 0 ship arrival events (start: 2025-03-11 17:50:39, end: 2025-03-11 17:50:44)
2025-03-11 17:50:44,157 - basicLogger - INFO - Found 0 ship container events (start: 2025-03-11 17:50:39, end: 2025-03-11 17:50:44)
2025-03-11 17:50:49,143 - basicLogger - INFO - Found 0 ship arrival events (start: 2025-03-11 17:50:44, end: 2025-03-11 17:50:49)
2025-03-11 17:50:49,161 - basicLogger - INFO - Found 0 ship container events (start: 2025-03-11 17:50:44, end: 2025-03-11 17:50:49)
2025-03-11 17:50:54,139 - basicLogger - INFO - Found 0 ship arrival events (start: 2025-03-11 17:50:49, end: 2025-03-11 17:50:54)
2025-03-11 17:50:54,156 - basicLogger - INFO - Found 0 ship container events (start: 2025-03-11 17:50:49, end: 2025-03-11 17:50:54)
2025-03-11 17:50:59,139 - basicLogger - INFO - Found 0 ship arrival events (start: 2025-03-11 17:50:54, end: 2025-03-11 17:50:59)
2025-03-11 17:50:59,154 - basicLogger - INFO - Found 0 ship container events (start: 2025-03-11 17:50:54, end: 2025-03-11 17:50:59)
2025-03-11 17:51:04,139 - basicLogger - INFO - Found 0 ship arrival events (start: 2025-03-11 17:50:59, end: 2025-03-11 17:51:04)
2025-03-11 17:51:04,157 - basicLogger - INFO - Found 0 ship container events (start: 2025-03-11 17:50:59, end: 2025-03-11 17:51:04)
2025-03-11 17:51:09,141 - basicLogger - INFO - Found 0 ship arrival events (start: 2025-03-11 17:51:04, end: 2025-03-11 17:51:09)
2025-03-11 17:51:09,158 - basicLogger - INFO - Found 0 ship container events (start: 2025-03-11 17:51:04, end: 2025-03-11 17:51:09)
2025-03-11 17:51:14,139 - basicLogger - INFO - Found 0 ship arrival events (start: 2025-03-11 17:51:09, end: 2025-03-11 17:51:14)
2025-03-11 17:51:14,159 - basicLogger - INFO - Found 0 ship container events (start: 2025-03-11 17:51:09, end: 2025-03-11 17:51:14)
2025-03-11 17:51:19,139 - basicLogger - INFO - Found 0 ship arrival events (start: 2025-03-11 17:51:14, end: 2025-03-11 17:51:19)
2025-03-11 17:51:19,169 - basicLogger - INFO - Found 0 ship container events (start: 2025-03-11 17:51:14, end: 2025-03-11 17:51:19)
2025-03-11 17:51:24,139 - basicLogger - INFO - Found 0 ship arrival events (start: 2025-03-11 17:51:19, end: 2025-03-11 17:51:24)
2025-03-11 17:51:24,155 - basicLogger - INFO - Found 0 ship container events (start: 2025-03-11 17:51:19, end: 2025-03-11 17:51:24)
2025-03-11 17:51:29,139 - basicLogger - INFO - Found 0 ship arrival events (start: 2025-03-11 17:51:24, end: 2025-03-11 17:51:29)
2025-03-11 17:51:29,155 - basicLogger - INFO - Found 0 ship container events (start: 2025-03-11 17:51:24, end: 2025-03-11 17:51:29)
2025-03-11 17:51:34,138 - basicLogger - INFO - Found 0 ship arrival events (start: 2025-03-11 17:51:29, end: 2025-03-11 17:51:34)
2025-03-11 17:51:34,154 - basicLogger - INFO - Found 0 ship container events (start: 2025-03-11 17:51:29, end: 2025-03-11 17:51:34)
2025-03-11 17:51:39,139 - basicLogger - INFO - Found 0 ship arrival events (start: 2025-03-11 17:51:34, end: 2025-03-11 17:51:39)
2025-03-11 17:51:39,154 - basicLogger - INFO - Found 0 ship container events (start: 2025-03-11 17:51:34, end: 2025-03-11 17:51:39)
2025-03-11 17:51:44,140 - basicLogger - INFO - Found 0 ship arrival events (start: 2025-03-11 17:51:39, end: 2025-03-11 17:51:44)
2025-03-11 17:51:44,160 - basicLogger - INFO - Found 0 ship container events (start: 2025-03-11 17:51:39, end: 2025-03-11 17:51:44)
2025-03-11 17:51:49,138 - basicLogger - INFO - Found 0 ship arrival events (start: 2025-03-11 17:51:44, end: 2025-03-11 17:51:49)
2025-03-11 17:51:49,154 - basicLogger - INFO - Found 0 ship container events (start: 2025-03-11 17:51:44, end: 2025-03-11 17:51:49)
2025-03-11 17:51:54,138 - basicLogger - INFO - Found 0 ship arrival events (start: 2025-03-11 17:51:49, end: 2025-03-11 17:51:54)
2025-03-11 17:51:54,154 - basicLogger - INFO - Found 0 ship container events (start: 2025-03-11 17:51:49, end: 2025-03-11 17:51:54)
2025-03-11 17:51:59,138 - basicLogger - INFO - Found 0 ship arrival events (start: 2025-03-11 17:51:54, end: 2025-03-11 17:51:59)
2025-03-11 17:51:59,154 - basicLogger - INFO - Found 0 ship container events (start: 2025-03-11 17:51:54, end: 2025-03-11 17:51:59)
2025-03-11 17:52:04,141 - basicLogger - INFO - Found 0 ship arrival events (start: 2025-03-11 17:51:59, end: 2025-03-11 17:52:04)
2025-03-11 17:52:04,156 - basicLogger - INFO - Found 0 ship container events (start: 2025-03-11 17:51:59, end: 2025-03-11 17:52:04)
2025-03-11 17:52:09,138 - basicLogger - INFO - Found 0 ship arrival events (start: 2025-03-11 17:52:04, end: 2025-03-11 17:52:09)
2025-03-11 17:52:09,154 - basicLogger - INFO - Found 0 ship container events (start: 2025-03-11 17:52:04, end: 2025-03-11 17:52:09)
2025-03-11 17:52:14,138 - basicLogger - INFO - Found 0 ship arrival events (start: 2025-03-11 17:52:09, end: 2025-03-11 17:52:14)
2025-03-11 17:52:14,154 - basicLogger - INFO - Found 0 ship container events (start: 2025-03-11 17:52:09, end: 2025-03-11 17:52:14)
2025-03-11 17:52:19,137 - basicLogger - INFO - Found 0 ship arrival events (start: 2025-03-11 17:52:14, end: 2025-03-11 17:52:19)
2025-03-11 17:52:19,153 - basicLogger - INFO - Found 0 ship container events (start: 2025-03-11 17:52:14, end: 2025-03-11 17:52:19)
2025-03-11 17:52:24,138 - basicLogger - INFO - Found 0 ship arrival events (start: 2025-03-11 17:52:19, end: 2025-03-11 17:52:24)
2025-03-11 17:52:24,154 - basicLogger - INFO - Found 0 ship container events (start: 2025-03-11 17:52:19, end: 2025-03-11 17:52:24)
2025-03-11 17:52:29,138 - basicLogger - INFO - Found 0 ship arrival events (start: 2025-03-11 17:52:24, end: 2025-03-11 17:52:29)
2025-03-11 17:52:29,169 - basicLogger - INFO - Found 0 ship container events (start: 2025-03-11 17:52:24, end: 2025-03-11 17:52:29)
2025-03-11 17:52:34,138 - basicLogger - INFO - Found 0 ship arrival events (start: 2025-03-11 17:52:29, end: 2025-03-11 17:52:34)
2025-03-11 17:52:34,154 - basicLogger - INFO - Found 0 ship container events (start: 2025-03-11 17:52:29, end: 2025-03-11 17:52:34)
2025-03-11 17:52:39,138 - basicLogger - INFO - Found 0 ship arrival events (start: 2025-03-11 17:52:34, end: 2025-03-11 17:52:39)
2025-03-11 17:52:39,154 - basicLogger - INFO - Found 0 ship container events (start: 2025-03-11 17:52:34, end: 2025-03-11 17:52:39)
2025-03-11 17:52:44,139 - basicLogger - INFO - Found 0 ship arrival events (start: 2025-03-11 17:52:39, end: 2025-03-11 17:52:44)
2025-03-11 17:52:44,159 - basicLogger - INFO - Found 0 ship container events (start: 2025-03-11 17:52:39, end: 2025-03-11 17:52:44)
2025-03-11 17:52:49,138 - basicLogger - INFO - Found 0 ship arrival events (start: 2025-03-11 17:52:44, end: 2025-03-11 17:52:49)
2025-03-11 17:52:49,155 - basicLogger - INFO - Found 0 ship container events (start: 2025-03-11 17:52:44, end: 2025-03-11 17:52:49)
2025-03-11 17:52:54,138 - basicLogger - INFO - Found 0 ship arrival events (start: 2025-03-11 17:52:49, end: 2025-03-11 17:52:54)
2025-03-11 17:52:54,154 - basicLogger - INFO - Found 0 ship container events (start: 2025-03-11 17:52:49, end: 2025-03-11 17:52:54)
2025-03-11 17:52:59,138 - basicLogger - INFO - Found 0 ship arrival events (start: 2025-03-11 17:52:54, end: 2025-03-11 17:52:59)
2025-03-11 17:52:59,154 - basicLogger - INFO - Found 0 ship container events (start: 2025-03-11 17:52:54, end: 2025-03-11 17:52:59)
2025-03-11 17:53:04,138 - basicLogger - INFO - Found 0 ship arrival events (start: 2025-03-11 17:52:59, end: 2025-03-11 17:53:04)
2025-03-11 17:53:04,153 - basicLogger - INFO - Found 0 ship container events (start: 2025-03-11 17:52:59, end: 2025-03-11 17:53:04)
2025-03-11 17:53:09,138 - basicLogger - INFO - Found 0 ship arrival events (start: 2025-03-11 17:53:04, end: 2025-03-11 17:53:09)
2025-03-11 17:53:09,154 - basicLogger - INFO - Found 0 ship container events (start: 2025-03-11 17:53:04, end: 2025-03-11 17:53:09)
2025-03-11 17:53:14,138 - basicLogger - INFO - Found 0 ship arrival events (start: 2025-03-11 17:53:09, end: 2025-03-11 17:53:14)
2025-03-11 17:53:14,153 - basicLogger - INFO - Found 0 ship container events (start: 2025-03-11 17:53:09, end: 2025-03-11 17:53:14)
2025-03-11 17:53:19,138 - basicLogger - INFO - Found 0 ship arrival events (start: 2025-03-11 17:53:14, end: 2025-03-11 17:53:19)
2025-03-11 17:53:19,153 - basicLogger - INFO - Found 0 ship container events (start: 2025-03-11 17:53:14, end: 2025-03-11 17:53:19)
2025-03-11 17:53:24,138 - basicLogger - INFO - Found 0 ship arrival events (start: 2025-03-11 17:53:19, end: 2025-03-11 17:53:24)
2025-03-11 17:53:24,154 - basicLogger - INFO - Found 0 ship container events (start: 2025-03-11 17:53:19, end: 2025-03-11 17:53:24)
2025-03-11 17:53:29,139 - basicLogger - INFO - Found 0 ship arrival events (start: 2025-03-11 17:53:24, end: 2025-03-11 17:53:29)
2025-03-11 17:53:29,154 - basicLogger - INFO - Found 0 ship container events (start: 2025-03-11 17:53:24, end: 2025-03-11 17:53:29)
2025-03-11 17:53:34,139 - basicLogger - INFO - Found 0 ship arrival events (start: 2025-03-11 17:53:29, end: 2025-03-11 17:53:34)
2025-03-11 17:53:34,155 - basicLogger - INFO - Found 0 ship container events (start: 2025-03-11 17:53:29, end: 2025-03-11 17:53:34)
2025-03-11 17:53:39,138 - basicLogger - INFO - Found 0 ship arrival events (start: 2025-03-11 17:53:34, end: 2025-03-11 17:53:39)
2025-03-11 17:53:39,155 - basicLogger - INFO - Found 0 ship container events (start: 2025-03-11 17:53:34, end: 2025-03-11 17:53:39)
2025-03-11 17:53:44,138 - basicLogger - INFO - Found 0 ship arrival events (start: 2025-03-11 17:53:39, end: 2025-03-11 17:53:44)
2025-03-11 17:53:44,170 - basicLogger - INFO - Found 0 ship container events (start: 2025-03-11 17:53:39, end: 2025-03-11 17:53:44)
2025-03-11 17:53:49,138 - basicLogger - INFO - Found 0 ship arrival events (start: 2025-03-11 17:53:44, end: 2025-03-11 17:53:49)
2025-03-11 17:53:49,154 - basicLogger - INFO - Found 0 ship container events (start: 2025-03-11 17:53:44, end: 2025-03-11 17:53:49)
2025-03-11 17:53:54,138 - basicLogger - INFO - Found 0 ship arrival events (start: 2025-03-11 17:53:49, end: 2025-03-11 17:53:54)
2025-03-11 17:53:54,155 - basicLogger - INFO - Found 0 ship container events (start: 2025-03-11 17:53:49, end: 2025-03-11 17:53:54)
2025-03-11 17:53:59,139 - basicLogger - INFO - Found 0 ship arrival events (start: 2025-03-11 17:53:54, end: 2025-03-11 17:53:59)
2025-03-11 17:53:59,155 - basicLogger - INFO - Found 0 ship container events (start: 2025-03-11 17:53:54, end: 2025-03-11 17:53:59)
2025-03-11 17:54:04,138 - basicLogger - INFO - Found 0 ship arrival events (start: 2025-03-11 17:53:59, end: 2025-03-11 17:54:04)
2025-03-11 17:54:04,154 - basicLogger - INFO - Found 0 ship container events (start: 2025-03-11 17:53:59, end: 2025-03-11 17:54:04)
2025-03-11 17:54:09,138 - basicLogger - INFO - Found 0 ship arrival events (start: 2025-03-11 17:54:04, end: 2025-03-11 17:54:09)
2025-03-11 17:54:09,154 - basicLogger - INFO - Found 0 ship container events (start: 2025-03-11 17:54:04, end: 2025-03-11 17:54:09)
2025-03-11 17:54:14,140 - basicLogger - INFO - Found 0 ship arrival events (start: 2025-03-11 17:54:09, end: 2025-03-11 17:54:14)
2025-03-11 17:54:14,156 - basicLogger - INFO - Found 0 ship container events (start: 2025-03-11 17:54:09, end: 2025-03-11 17:54:14)
2025-03-11 17:54:19,138 - basicLogger - INFO - Found 0 ship arrival events (start: 2025-03-11 17:54:14, end: 2025-03-11 17:54:19)
2025-03-11 17:54:19,154 - basicLogger - INFO - Found 0 ship container events (start: 2025-03-11 17:54:14, end: 2025-03-11 17:54:19)
2025-03-11 17:54:24,138 - basicLogger - INFO - Found 0 ship arrival events (start: 2025-03-11 17:54:19, end: 2025-03-11 17:54:24)
2025-03-11 17:54:24,153 - basicLogger - INFO - Found 0 ship container events (start: 2025-03-11 17:54:19, end: 2025-03-11 17:54:24)
2025-03-11 17:54:29,139 - basicLogger - INFO - Found 0 ship arrival events (start: 2025-03-11 17:54:24, end: 2025-03-11 17:54:29)
2025-03-11 17:54:29,154 - basicLogger - INFO - Found 0 ship container events (start: 2025-03-11 17:54:24, end: 2025-03-11 17:54:29)
2025-03-11 17:54:34,138 - basicLogger - INFO - Found 0 ship arrival events (start: 2025-03-11 17:54:29, end: 2025-03-11 17:54:34)
2025-03-11 17:54:34,154 - basicLogger - INFO - Found 0 ship container events (start: 2025-03-11 17:54:29, end: 2025-03-11 17:54:34)
2025-03-11 17:54:39,138 - basicLogger - INFO - Found 0 ship arrival events (start: 2025-03-11 17:54:34, end: 2025-03-11 17:54:39)
2025-03-11 17:54:39,154 - basicLogger - INFO - Found 0 ship container events (start: 2025-03-11 17:54:34, end: 2025-03-11 17:54:39)
2025-03-11 17:54:44,138 - basicLogger - INFO - Found 0 ship arrival events (start: 2025-03-11 17:54:39, end: 2025-03-11 17:54:44)
2025-03-11 17:54:44,155 - basicLogger - INFO - Found 0 ship container events (start: 2025-03-11 17:54:39, end: 2025-03-11 17:54:44)
2025-03-11 17:54:49,138 - basicLogger - INFO - Found 0 ship arrival events (start: 2025-03-11 17:54:44, end: 2025-03-11 17:54:49)
2025-03-11 17:54:49,154 - basicLogger - INFO - Found 0 ship container events (start: 2025-03-11 17:54:44, end: 2025-03-11 17:54:49)
2025-03-11 17:54:54,140 - basicLogger - INFO - Found 0 ship arrival events (start: 2025-03-11 17:54:49, end: 2025-03-11 17:54:54)
2025-03-11 17:54:54,156 - basicLogger - INFO - Found 0 ship container events (start: 2025-03-11 17:54:49, end: 2025-03-11 17:54:54)
2025-03-11 17:54:59,139 - basicLogger - INFO - Found 0 ship arrival events (start: 2025-03-11 17:54:54, end: 2025-03-11 17:54:59)
2025-03-11 17:54:59,172 - basicLogger - INFO - Found 0 ship container events (start: 2025-03-11 17:54:54, end: 2025-03-11 17:54:59)
2025-03-11 17:55:04,139 - basicLogger - INFO - Found 0 ship arrival events (start: 2025-03-11 17:54:59, end: 2025-03-11 17:55:04)
2025-03-11 17:55:04,158 - basicLogger - INFO - Found 0 ship container events (start: 2025-03-11 17:54:59, end: 2025-03-11 17:55:04)
2025-03-11 17:55:09,139 - basicLogger - INFO - Found 0 ship arrival events (start: 2025-03-11 17:55:04, end: 2025-03-11 17:55:09)
2025-03-11 17:55:09,156 - basicLogger - INFO - Found 0 ship container events (start: 2025-03-11 17:55:04, end: 2025-03-11 17:55:09)
2025-03-11 17:55:14,139 - basicLogger - INFO - Found 0 ship arrival events (start: 2025-03-11 17:55:09, end: 2025-03-11 17:55:14)
2025-03-11 17:55:14,159 - basicLogger - INFO - Found 0 ship container events (start: 2025-03-11 17:55:09, end: 2025-03-11 17:55:14)
2025-03-11 17:55:19,140 - basicLogger - INFO - Found 0 ship arrival events (start: 2025-03-11 17:55:14, end: 2025-03-11 17:55:19)
2025-03-11 17:55:19,156 - basicLogger - INFO - Found 0 ship container events (start: 2025-03-11 17:55:14, end: 2025-03-11 17:55:19)
2025-03-11 17:55:24,138 - basicLogger - INFO - Found 0 ship arrival events (start: 2025-03-11 17:55:19, end: 2025-03-11 17:55:24)
2025-03-11 17:55:24,154 - basicLogger - INFO - Found 0 ship container events (start: 2025-03-11 17:55:19, end: 2025-03-11 17:55:24)
2025-03-11 17:55:29,138 - basicLogger - INFO - Found 0 ship arrival events (start: 2025-03-11 17:55:24, end: 2025-03-11 17:55:29)
2025-03-11 17:55:29,153 - basicLogger - INFO - Found 0 ship container events (start: 2025-03-11 17:55:24, end: 2025-03-11 17:55:29)
2025-03-11 17:55:34,138 - basicLogger - INFO - Found 0 ship arrival events (start: 2025-03-11 17:55:29, end: 2025-03-11 17:55:34)
2025-03-11 17:55:34,154 - basicLogger - INFO - Found 0 ship container events (start: 2025-03-11 17:55:29, end: 2025-03-11 17:55:34)
2025-03-11 17:55:39,138 - basicLogger - INFO - Found 0 ship arrival events (start: 2025-03-11 17:55:34, end: 2025-03-11 17:55:39)
2025-03-11 17:55:39,153 - basicLogger - INFO - Found 0 ship container events (start: 2025-03-11 17:55:34, end: 2025-03-11 17:55:39)
2025-03-11 17:55:44,138 - basicLogger - INFO - Found 0 ship arrival events (start: 2025-03-11 17:55:39, end: 2025-03-11 17:55:44)
2025-03-11 17:55:44,154 - basicLogger - INFO - Found 0 ship container events (start: 2025-03-11 17:55:39, end: 2025-03-11 17:55:44)
2025-03-11 17:55:49,138 - basicLogger - INFO - Found 0 ship arrival events (start: 2025-03-11 17:55:44, end: 2025-03-11 17:55:49)
2025-03-11 17:55:49,154 - basicLogger - INFO - Found 0 ship container events (start: 2025-03-11 17:55:44, end: 2025-03-11 17:55:49)
2025-03-11 17:55:54,138 - basicLogger - INFO - Found 0 ship arrival events (start: 2025-03-11 17:55:49, end: 2025-03-11 17:55:54)
2025-03-11 17:55:54,154 - basicLogger - INFO - Found 0 ship container events (start: 2025-03-11 17:55:49, end: 2025-03-11 17:55:54)
2025-03-11 17:55:59,139 - basicLogger - INFO - Found 0 ship arrival events (start: 2025-03-11 17:55:54, end: 2025-03-11 17:55:59)
2025-03-11 17:55:59,156 - basicLogger - INFO - Found 0 ship container events (start: 2025-03-11 17:55:54, end: 2025-03-11 17:55:59)
2025-03-11 17:56:04,139 - basicLogger - INFO - Found 0 ship arrival events (start: 2025-03-11 17:55:59, end: 2025-03-11 17:56:04)
2025-03-11 17:56:04,154 - basicLogger - INFO - Found 0 ship container events (start: 2025-03-11 17:55:59, end: 2025-03-11 17:56:04)
2025-03-11 17:56:09,139 - basicLogger - INFO - Found 0 ship arrival events (start: 2025-03-11 17:56:04, end: 2025-03-11 17:56:09)
2025-03-11 17:56:09,154 - basicLogger - INFO - Found 0 ship container events (start: 2025-03-11 17:56:04, end: 2025-03-11 17:56:09)
2025-03-11 17:56:14,139 - basicLogger - INFO - Found 0 ship arrival events (start: 2025-03-11 17:56:09, end: 2025-03-11 17:56:14)
2025-03-11 17:56:14,171 - basicLogger - INFO - Found 0 ship container events (start: 2025-03-11 17:56:09, end: 2025-03-11 17:56:14)
2025-03-11 17:56:19,139 - basicLogger - INFO - Found 0 ship arrival events (start: 2025-03-11 17:56:14, end: 2025-03-11 17:56:19)
2025-03-11 17:56:19,154 - basicLogger - INFO - Found 0 ship container events (start: 2025-03-11 17:56:14, end: 2025-03-11 17:56:19)
2025-03-11 17:56:24,139 - basicLogger - INFO - Found 0 ship arrival events (start: 2025-03-11 17:56:19, end: 2025-03-11 17:56:24)
2025-03-11 17:56:24,154 - basicLogger - INFO - Found 0 ship container events (start: 2025-03-11 17:56:19, end: 2025-03-11 17:56:24)
2025-03-11 17:56:29,138 - basicLogger - INFO - Found 0 ship arrival events (start: 2025-03-11 17:56:24, end: 2025-03-11 17:56:29)
2025-03-11 17:56:29,154 - basicLogger - INFO - Found 0 ship container events (start: 2025-03-11 17:56:24, end: 2025-03-11 17:56:29)
2025-03-11 17:56:34,139 - basicLogger - INFO - Found 0 ship arrival events (start: 2025-03-11 17:56:29, end: 2025-03-11 17:56:34)
2025-03-11 17:56:34,155 - basicLogger - INFO - Found 0 ship container events (start: 2025-03-11 17:56:29, end: 2025-03-11 17:56:34)
2025-03-11 17:56:39,138 - basicLogger - INFO - Found 0 ship arrival events (start: 2025-03-11 17:56:34, end: 2025-03-11 17:56:39)
2025-03-11 17:56:39,154 - basicLogger - INFO - Found 0 ship container events (start: 2025-03-11 17:56:34, end: 2025-03-11 17:56:39)
2025-03-11 17:56:44,138 - basicLogger - INFO - Found 0 ship arrival events (start: 2025-03-11 17:56:39, end: 2025-03-11 17:56:44)
2025-03-11 17:56:44,156 - basicLogger - INFO - Found 0 ship container events (start: 2025-03-11 17:56:39, end: 2025-03-11 17:56:44)
2025-03-11 17:56:49,139 - basicLogger - INFO - Found 0 ship arrival events (start: 2025-03-11 17:56:44, end: 2025-03-11 17:56:49)
2025-03-11 17:56:49,155 - basicLogger - INFO - Found 0 ship container events (start: 2025-03-11 17:56:44, end: 2025-03-11 17:56:49)
2025-03-11 17:56:54,141 - basicLogger - INFO - Found 0 ship arrival events (start: 2025-03-11 17:56:49, end: 2025-03-11 17:56:54)
2025-03-11 17:56:54,160 - basicLogger - INFO - Found 0 ship container events (start: 2025-03-11 17:56:49, end: 2025-03-11 17:56:54)
2025-03-11 17:56:59,141 - basicLogger - INFO - Found 0 ship arrival events (start: 2025-03-11 17:56:54, end: 2025-03-11 17:56:59)
2025-03-11 17:56:59,159 - basicLogger - INFO - Found 0 ship container events (start: 2025-03-11 17:56:54, end: 2025-03-11 17:56:59)
2025-03-11 17:57:04,140 - basicLogger - INFO - Found 0 ship arrival events (start: 2025-03-11 17:56:59, end: 2025-03-11 17:57:04)
2025-03-11 17:57:04,157 - basicLogger - INFO - Found 0 ship container events (start: 2025-03-11 17:56:59, end: 2025-03-11 17:57:04)
2025-03-11 17:57:09,140 - basicLogger - INFO - Found 0 ship arrival events (start: 2025-03-11 17:57:04, end: 2025-03-11 17:57:09)
2025-03-11 17:57:09,157 - basicLogger - INFO - Found 0 ship container events (start: 2025-03-11 17:57:04, end: 2025-03-11 17:57:09)
2025-03-11 17:57:14,138 - basicLogger - INFO - Found 0 ship arrival events (start: 2025-03-11 17:57:09, end: 2025-03-11 17:57:14)
2025-03-11 17:57:14,154 - basicLogger - INFO - Found 0 ship container events (start: 2025-03-11 17:57:09, end: 2025-03-11 17:57:14)
2025-03-11 17:57:19,138 - basicLogger - INFO - Found 0 ship arrival events (start: 2025-03-11 17:57:14, end: 2025-03-11 17:57:19)
2025-03-11 17:57:19,154 - basicLogger - INFO - Found 0 ship container events (start: 2025-03-11 17:57:14, end: 2025-03-11 17:57:19)
2025-03-11 17:57:24,138 - basicLogger - INFO - Found 0 ship arrival events (start: 2025-03-11 17:57:19, end: 2025-03-11 17:57:24)
2025-03-11 17:57:24,154 - basicLogger - INFO - Found 0 ship container events (start: 2025-03-11 17:57:19, end: 2025-03-11 17:57:24)
2025-03-11 17:57:29,138 - basicLogger - INFO - Found 0 ship arrival events (start: 2025-03-11 17:57:24, end: 2025-03-11 17:57:29)
2025-03-11 17:57:29,175 - basicLogger - INFO - Found 0 ship container events (start: 2025-03-11 17:57:24, end: 2025-03-11 17:57:29)
2025-03-11 17:57:34,138 - basicLogger - INFO - Found 0 ship arrival events (start: 2025-03-11 17:57:29, end: 2025-03-11 17:57:34)
2025-03-11 17:57:34,155 - basicLogger - INFO - Found 0 ship container events (start: 2025-03-11 17:57:29, end: 2025-03-11 17:57:34)
2025-03-11 17:57:39,138 - basicLogger - INFO - Found 0 ship arrival events (start: 2025-03-11 17:57:34, end: 2025-03-11 17:57:39)
2025-03-11 17:57:39,154 - basicLogger - INFO - Found 0 ship container events (start: 2025-03-11 17:57:34, end: 2025-03-11 17:57:39)
2025-03-11 17:57:44,138 - basicLogger - INFO - Found 0 ship arrival events (start: 2025-03-11 17:57:39, end: 2025-03-11 17:57:44)
2025-03-11 17:57:44,154 - basicLogger - INFO - Found 0 ship container events (start: 2025-03-11 17:57:39, end: 2025-03-11 17:57:44)
2025-03-11 18:04:54,410 - basicLogger - INFO - Found 0 ship arrival events (start: 2025-03-11 17:57:44, end: 2025-03-11 18:04:54)
2025-03-11 18:04:54,430 - basicLogger - INFO - Found 0 ship container events (start: 2025-03-11 17:57:44, end: 2025-03-11 18:04:54)
2025-03-11 18:04:59,387 - basicLogger - INFO - Found 0 ship arrival events (start: 2025-03-11 18:04:54, end: 2025-03-11 18:04:59)
2025-03-11 18:04:59,403 - basicLogger - INFO - Found 0 ship container events (start: 2025-03-11 18:04:54, end: 2025-03-11 18:04:59)
2025-03-11 18:05:04,388 - basicLogger - INFO - Found 0 ship arrival events (start: 2025-03-11 18:04:59, end: 2025-03-11 18:05:04)
2025-03-11 18:05:04,406 - basicLogger - INFO - Found 0 ship container events (start: 2025-03-11 18:04:59, end: 2025-03-11 18:05:04)
2025-03-11 18:05:09,387 - basicLogger - INFO - Found 0 ship arrival events (start: 2025-03-11 18:05:04, end: 2025-03-11 18:05:09)
2025-03-11 18:05:09,404 - basicLogger - INFO - Found 0 ship container events (start: 2025-03-11 18:05:04, end: 2025-03-11 18:05:09)
2025-03-11 18:05:14,386 - basicLogger - INFO - Found 0 ship arrival events (start: 2025-03-11 18:05:09, end: 2025-03-11 18:05:14)
2025-03-11 18:05:14,405 - basicLogger - INFO - Found 0 ship container events (start: 2025-03-11 18:05:09, end: 2025-03-11 18:05:14)
2025-03-11 18:05:19,392 - basicLogger - INFO - Found 0 ship arrival events (start: 2025-03-11 18:05:14, end: 2025-03-11 18:05:19)
2025-03-11 18:05:19,409 - basicLogger - INFO - Found 0 ship container events (start: 2025-03-11 18:05:14, end: 2025-03-11 18:05:19)
2025-03-11 18:05:24,388 - basicLogger - INFO - Found 0 ship arrival events (start: 2025-03-11 18:05:19, end: 2025-03-11 18:05:24)
2025-03-11 18:05:24,408 - basicLogger - INFO - Found 0 ship container events (start: 2025-03-11 18:05:19, end: 2025-03-11 18:05:24)
2025-03-11 18:05:29,387 - basicLogger - INFO - Found 0 ship arrival events (start: 2025-03-11 18:05:24, end: 2025-03-11 18:05:29)
2025-03-11 18:05:29,404 - basicLogger - INFO - Found 0 ship container events (start: 2025-03-11 18:05:24, end: 2025-03-11 18:05:29)
2025-03-11 18:05:34,387 - basicLogger - INFO - Found 0 ship arrival events (start: 2025-03-11 18:05:29, end: 2025-03-11 18:05:34)
2025-03-11 18:05:34,404 - basicLogger - INFO - Found 0 ship container events (start: 2025-03-11 18:05:29, end: 2025-03-11 18:05:34)
2025-03-11 18:05:39,386 - basicLogger - INFO - Found 0 ship arrival events (start: 2025-03-11 18:05:34, end: 2025-03-11 18:05:39)
2025-03-11 18:05:39,404 - basicLogger - INFO - Found 0 ship container events (start: 2025-03-11 18:05:34, end: 2025-03-11 18:05:39)
2025-03-11 18:05:44,387 - basicLogger - INFO - Found 0 ship arrival events (start: 2025-03-11 18:05:39, end: 2025-03-11 18:05:44)
2025-03-11 18:05:44,403 - basicLogger - INFO - Found 0 ship container events (start: 2025-03-11 18:05:39, end: 2025-03-11 18:05:44)
2025-03-11 18:05:49,386 - basicLogger - INFO - Found 0 ship arrival events (start: 2025-03-11 18:05:44, end: 2025-03-11 18:05:49)
2025-03-11 18:05:49,402 - basicLogger - INFO - Found 0 ship container events (start: 2025-03-11 18:05:44, end: 2025-03-11 18:05:49)
2025-03-11 18:05:54,387 - basicLogger - INFO - Found 0 ship arrival events (start: 2025-03-11 18:05:49, end: 2025-03-11 18:05:54)
2025-03-11 18:05:54,403 - basicLogger - INFO - Found 0 ship container events (start: 2025-03-11 18:05:49, end: 2025-03-11 18:05:54)
2025-03-11 18:05:59,386 - basicLogger - INFO - Found 0 ship arrival events (start: 2025-03-11 18:05:54, end: 2025-03-11 18:05:59)
2025-03-11 18:05:59,401 - basicLogger - INFO - Found 0 ship container events (start: 2025-03-11 18:05:54, end: 2025-03-11 18:05:59)
2025-03-11 18:06:02,563 - basicLogger - DEBUG - in for LOOP
2025-03-11 18:06:02,563 - basicLogger - DEBUG - <pykafka.protocol.message.Message object at 0x716b991f7f40>
2025-03-11 18:06:02,563 - basicLogger - INFO - Message: {'type': 'ship_arrival', 'datetime': '2025-03-11T18:06:02.549359Z', 'payload': {'ship_id': 9546074, 'port_id': 3100239, 'containers_onboard': 8914, 'docking_time': '2025-4-25T4:56:17Z', 'origin_country': 'SOQQECJNFH', 'trace_id': '0ab3252f-1148-4cdb-942c-88c2ffc5d854'}}
2025-03-11 18:06:02,563 - basicLogger - DEBUG - IN IF STATEMENT
2025-03-11 18:06:02,563 - basicLogger - DEBUG - <models.ShipArrivals object at 0x716b9afdde80>
2025-03-11 18:06:02,563 - basicLogger - DEBUG - 2025-4-25T4:56:17Z
2025-03-11 18:06:02,563 - basicLogger - DEBUG - <models.ShipArrivals object at 0x716b9afdde80>
2025-03-11 18:06:02,574 - basicLogger - DEBUG - Stored event report_ship_arrived with trace id of 0ab3252f-1148-4cdb-942c-88c2ffc5d854
2025-03-11 18:06:02,576 - basicLogger - DEBUG - in for LOOP
2025-03-11 18:06:02,576 - basicLogger - DEBUG - <pykafka.protocol.message.Message object at 0x716b991f7a00>
2025-03-11 18:06:02,576 - basicLogger - INFO - Message: {'type': 'container_processing', 'datetime': '2025-03-11T18:06:02.568377Z', 'payload': {'container_id': 1639200, 'processing_hub_id': 2481821, 'container_weight': 772, 'destination': 'JXZZTGFMFK', 'unloading_time': '2025-1-4T6:50:23Z', 'trace_id': '53496912-910e-4869-8de2-5cd91b5b1663'}}
2025-03-11 18:06:02,585 - basicLogger - DEBUG - Stored event report_container_processed with trace id of 53496912-910e-4869-8de2-5cd91b5b1663
2025-03-11 18:06:04,386 - basicLogger - INFO - Found 1 ship arrival events (start: 2025-03-11 18:05:59, end: 2025-03-11 18:06:04)
2025-03-11 18:06:04,405 - basicLogger - INFO - Found 1 ship container events (start: 2025-03-11 18:05:59, end: 2025-03-11 18:06:04)
2025-03-11 18:06:09,386 - basicLogger - INFO - Found 0 ship arrival events (start: 2025-03-11 18:06:04, end: 2025-03-11 18:06:09)
2025-03-11 18:06:09,403 - basicLogger - INFO - Found 0 ship container events (start: 2025-03-11 18:06:04, end: 2025-03-11 18:06:09)
2025-03-11 18:06:14,386 - basicLogger - INFO - Found 0 ship arrival events (start: 2025-03-11 18:06:09, end: 2025-03-11 18:06:14)
2025-03-11 18:06:14,403 - basicLogger - INFO - Found 0 ship container events (start: 2025-03-11 18:06:09, end: 2025-03-11 18:06:14)
2025-03-11 18:06:17,424 - basicLogger - DEBUG - in for LOOP
2025-03-11 18:06:17,424 - basicLogger - DEBUG - <pykafka.protocol.message.Message object at 0x716b985515b0>
2025-03-11 18:06:17,424 - basicLogger - INFO - Message: {'type': 'ship_arrival', 'datetime': '2025-03-11T18:06:17.422548Z', 'payload': {'ship_id': 4339322, 'port_id': 139288, 'containers_onboard': 2415, 'docking_time': '2015-3-15T21:56:49Z', 'origin_country': 'LXQXOQHVMX', 'trace_id': 'ab732775-d560-4db6-b078-ceb2991e13ca'}}
2025-03-11 18:06:17,424 - basicLogger - DEBUG - IN IF STATEMENT
2025-03-11 18:06:17,424 - basicLogger - DEBUG - <models.ShipArrivals object at 0x716b98579bd0>
2025-03-11 18:06:17,424 - basicLogger - DEBUG - 2015-3-15T21:56:49Z
2025-03-11 18:06:17,424 - basicLogger - DEBUG - <models.ShipArrivals object at 0x716b98579bd0>
2025-03-11 18:06:17,453 - basicLogger - DEBUG - Stored event report_ship_arrived with trace id of ab732775-d560-4db6-b078-ceb2991e13ca
2025-03-11 18:06:17,454 - basicLogger - DEBUG - in for LOOP
2025-03-11 18:06:17,454 - basicLogger - DEBUG - <pykafka.protocol.message.Message object at 0x716b991f7f40>
2025-03-11 18:06:17,455 - basicLogger - INFO - Message: {'type': 'container_processing', 'datetime': '2025-03-11T18:06:17.425654Z', 'payload': {'container_id': 4234236, 'processing_hub_id': 3733555, 'container_weight': 753, 'destination': 'WXSPSLRPIS', 'unloading_time': '2002-11-4T8:55:40Z', 'trace_id': '0cd31c18-e2a8-4a2a-8bb3-5965c864f46e'}}
2025-03-11 18:06:17,471 - basicLogger - DEBUG - Stored event report_container_processed with trace id of 0cd31c18-e2a8-4a2a-8bb3-5965c864f46e
2025-03-11 18:06:19,386 - basicLogger - INFO - Found 1 ship arrival events (start: 2025-03-11 18:06:14, end: 2025-03-11 18:06:19)
2025-03-11 18:06:19,401 - basicLogger - INFO - Found 1 ship container events (start: 2025-03-11 18:06:14, end: 2025-03-11 18:06:19)
2025-03-11 18:06:24,385 - basicLogger - INFO - Found 0 ship arrival events (start: 2025-03-11 18:06:19, end: 2025-03-11 18:06:24)
2025-03-11 18:06:24,401 - basicLogger - INFO - Found 0 ship container events (start: 2025-03-11 18:06:19, end: 2025-03-11 18:06:24)
2025-03-11 18:06:29,385 - basicLogger - INFO - Found 0 ship arrival events (start: 2025-03-11 18:06:24, end: 2025-03-11 18:06:29)
2025-03-11 18:06:29,401 - basicLogger - INFO - Found 0 ship container events (start: 2025-03-11 18:06:24, end: 2025-03-11 18:06:29)
2025-03-11 18:06:34,385 - basicLogger - INFO - Found 0 ship arrival events (start: 2025-03-11 18:06:29, end: 2025-03-11 18:06:34)
2025-03-11 18:06:34,402 - basicLogger - INFO - Found 0 ship container events (start: 2025-03-11 18:06:29, end: 2025-03-11 18:06:34)
2025-03-11 18:06:39,386 - basicLogger - INFO - Found 0 ship arrival events (start: 2025-03-11 18:06:34, end: 2025-03-11 18:06:39)
2025-03-11 18:06:39,402 - basicLogger - INFO - Found 0 ship container events (start: 2025-03-11 18:06:34, end: 2025-03-11 18:06:39)
2025-03-11 18:06:44,387 - basicLogger - INFO - Found 0 ship arrival events (start: 2025-03-11 18:06:39, end: 2025-03-11 18:06:44)
2025-03-11 18:06:44,403 - basicLogger - INFO - Found 0 ship container events (start: 2025-03-11 18:06:39, end: 2025-03-11 18:06:44)
2025-03-11 18:06:49,386 - basicLogger - INFO - Found 0 ship arrival events (start: 2025-03-11 18:06:44, end: 2025-03-11 18:06:49)
2025-03-11 18:06:49,402 - basicLogger - INFO - Found 0 ship container events (start: 2025-03-11 18:06:44, end: 2025-03-11 18:06:49)
